nohup: ignoring input
group  seed    source  scenario   n    pre  early_crash  late_crash  change_late_vs_pre
  B70     1      real       NaN 100 0.9398       0.9403      0.9395             -0.0003
  B70     1 synthetic       0.0 100 0.9416       0.9404      0.9285             -0.0130
  B70     1 synthetic       1.0 100 0.9405       0.9383      0.9124             -0.0280
  B70     1 synthetic       2.0 100 0.9394       0.9354      0.8984             -0.0410
done B70 seed 1: valid 1.4639
                         return  max_drawdown  worst_21d_return  ann_vol  sharpe_0rf  mean_stock_weight  mean_daily_turnover
period    group                                                                                                             
2020      B70            0.2579       -0.2613           -0.2553   0.3025      0.7555             0.9414               0.0110
          buy_hold_1_10  0.2045       -0.2668           -0.2621   0.3351      0.5530                NaN                  NaN
          buy_hold_1_11  0.1859       -0.2440           -0.2396   0.3023      0.5619                NaN                  NaN
2020-2022 B70            0.1847       -0.3079           -0.2553   0.2361      0.2393             0.9385               0.0096
          buy_hold_1_10  0.1403       -0.2844           -0.2621   0.2515      0.1741                NaN                  NaN
          buy_hold_1_11  0.1276       -0.2661           -0.2396   0.2291      0.1747                NaN                  NaN
2021      B70            0.1910       -0.0719           -0.0567   0.1314      1.3301             0.9442               0.0078
          buy_hold_1_10  0.2036       -0.0791           -0.0575   0.1351      1.3724                NaN                  NaN
          buy_hold_1_11  0.1880       -0.0733           -0.0532   0.1253      1.3746                NaN                  NaN
2022      B70           -0.2093       -0.3057           -0.1466   0.2412     -0.9773             0.9298               0.0100
          buy_hold_1_10 -0.2134       -0.2843           -0.1494   0.2428     -0.9929                NaN                  NaN
          buy_hold_1_11 -0.1997       -0.2661           -0.1391   0.2241     -0.9977                NaN                  NaN
