nohup: ignoring input
group  seed    source  scenario   n    pre  early_crash  late_crash  change_late_vs_pre
  B70     2      real       NaN 100 0.9521       0.9518      0.9515             -0.0006
  B70     2 synthetic       0.0 100 0.9518       0.9511      0.9461             -0.0057
  B70     2 synthetic       1.0 100 0.9521       0.9521      0.9376             -0.0146
  B70     2 synthetic       2.0 100 0.9520       0.9511      0.9093             -0.0427
done B70 seed 2: valid 1.4665
                         return  max_drawdown  worst_21d_return  ann_vol  sharpe_0rf  mean_stock_weight  mean_daily_turnover
period    group                                                                                                             
2020      B70            0.1968       -0.2488           -0.2414   0.3097      0.5778             0.9483               0.0120
          buy_hold_1_10  0.2045       -0.2668           -0.2621   0.3351      0.5530                NaN                  NaN
          buy_hold_1_11  0.1859       -0.2440           -0.2396   0.3023      0.5619                NaN                  NaN
2020-2022 B70            0.1767       -0.2643           -0.2414   0.2304      0.2355             0.9490               0.0101
          buy_hold_1_10  0.1403       -0.2844           -0.2621   0.2515      0.1741                NaN                  NaN
          buy_hold_1_11  0.1276       -0.2661           -0.2396   0.2291      0.1747                NaN                  NaN
2021      B70            0.2122       -0.0706           -0.0504   0.1237      1.5553             0.9531               0.0070
          buy_hold_1_10  0.2036       -0.0791           -0.0575   0.1351      1.3724                NaN                  NaN
          buy_hold_1_11  0.1880       -0.0733           -0.0532   0.1253      1.3746                NaN                  NaN
2022      B70           -0.1889       -0.2634           -0.1342   0.2187     -0.9607             0.9457               0.0112
          buy_hold_1_10 -0.2134       -0.2843           -0.1494   0.2428     -0.9929                NaN                  NaN
          buy_hold_1_11 -0.1997       -0.2661           -0.1391   0.2241     -0.9977                NaN                  NaN
