nohup: ignoring input
group  seed    source  scenario   n    pre  early_crash  late_crash  change_late_vs_pre
  B70     0      real       NaN 100 0.9309       0.9315      0.9308             -0.0001
  B70     0 synthetic       0.0 100 0.9320       0.9326      0.9376              0.0056
  B70     0 synthetic       1.0 100 0.9323       0.9330      0.9399              0.0076
  B70     0 synthetic       2.0 100 0.9319       0.9330      0.9412              0.0094
done B70 seed 0: valid 1.4357
                         return  max_drawdown  worst_21d_return  ann_vol  sharpe_0rf  mean_stock_weight  mean_daily_turnover
period    group                                                                                                             
2020      B70            0.1694       -0.2473           -0.2402   0.3131      0.4976             0.9220               0.0110
          buy_hold_1_10  0.2045       -0.2668           -0.2621   0.3351      0.5530                NaN                  NaN
          buy_hold_1_11  0.1859       -0.2440           -0.2396   0.3023      0.5619                NaN                  NaN
2020-2022 B70            0.1180       -0.2614           -0.2402   0.2300      0.1617             0.9283               0.0092
          buy_hold_1_10  0.1403       -0.2844           -0.2621   0.2515      0.1741                NaN                  NaN
          buy_hold_1_11  0.1276       -0.2661           -0.2396   0.2291      0.1747                NaN                  NaN
2021      B70            0.1726       -0.0681           -0.0483   0.1206      1.3204             0.9247               0.0078
          buy_hold_1_10  0.2036       -0.0791           -0.0575   0.1351      1.3724                NaN                  NaN
          buy_hold_1_11  0.1880       -0.0733           -0.0532   0.1253      1.3746                NaN                  NaN
2022      B70           -0.1846       -0.2614           -0.1334   0.2144     -0.9556             0.9383               0.0089
          buy_hold_1_10 -0.2134       -0.2843           -0.1494   0.2428     -0.9929                NaN                  NaN
          buy_hold_1_11 -0.1997       -0.2661           -0.1391   0.2241     -0.9977                NaN                  NaN
