nohup: ignoring input
group  seed    source  scenario   n    pre  early_crash  late_crash  change_late_vs_pre
  B90     1      real       NaN 100 0.8967       0.8971      0.8953             -0.0014
  B90     1 synthetic       0.0 100 0.8973       0.8959      0.8876             -0.0098
  B90     1 synthetic       1.0 100 0.8975       0.8940      0.8678             -0.0297
  B90     1 synthetic       2.0 100 0.8968       0.8921      0.8590             -0.0378
done B90 seed 1: valid 1.4109
                         return  max_drawdown  worst_21d_return  ann_vol  sharpe_0rf  mean_stock_weight  mean_daily_turnover
period    group                                                                                                             
2020      B90            0.1656       -0.2482           -0.2427   0.2904      0.5258             0.8904               0.0139
          buy_hold_1_10  0.2045       -0.2668           -0.2621   0.3351      0.5530                NaN                  NaN
          buy_hold_1_11  0.1859       -0.2440           -0.2396   0.3023      0.5619                NaN                  NaN
2020-2022 B90            0.1308       -0.2788           -0.2427   0.2214      0.1851             0.8944               0.0121
          buy_hold_1_10  0.1403       -0.2844           -0.2621   0.2515      0.1741                NaN                  NaN
          buy_hold_1_11  0.1276       -0.2661           -0.2396   0.2291      0.1747                NaN                  NaN
2021      B90            0.1803       -0.0667           -0.0526   0.1208      1.3727             0.8951               0.0100
          buy_hold_1_10  0.2036       -0.0791           -0.0575   0.1351      1.3724                NaN                  NaN
          buy_hold_1_11  0.1880       -0.0733           -0.0532   0.1253      1.3746                NaN                  NaN
2022      B90           -0.1781       -0.2782           -0.1388   0.2193     -0.8980             0.8976               0.0124
          buy_hold_1_10 -0.2134       -0.2843           -0.1494   0.2428     -0.9929                NaN                  NaN
          buy_hold_1_11 -0.1997       -0.2661           -0.1391   0.2241     -0.9977                NaN                  NaN
