nohup: ignoring input
group  seed    source  scenario   n    pre  early_crash  late_crash  change_late_vs_pre
  B90     0      real       NaN 100 0.9135       0.9132      0.9136              0.0001
  B90     0 synthetic       0.0 100 0.9145       0.9142      0.9135             -0.0011
  B90     0 synthetic       1.0 100 0.9140       0.9141      0.9121             -0.0019
  B90     0 synthetic       2.0 100 0.9146       0.9143      0.9110             -0.0036
done B90 seed 0: valid 1.4262
                         return  max_drawdown  worst_21d_return  ann_vol  sharpe_0rf  mean_stock_weight  mean_daily_turnover
period    group                                                                                                             
2020      B90            0.1836       -0.2441           -0.2389   0.3041      0.5521             0.9114               0.0092
          buy_hold_1_10  0.2045       -0.2668           -0.2621   0.3351      0.5530                NaN                  NaN
          buy_hold_1_11  0.1859       -0.2440           -0.2396   0.3023      0.5619                NaN                  NaN
2020-2022 B90            0.1173       -0.2674           -0.2389   0.2257      0.1638             0.9108               0.0084
          buy_hold_1_10  0.1403       -0.2844           -0.2621   0.2515      0.1741                NaN                  NaN
          buy_hold_1_11  0.1276       -0.2661           -0.2396   0.2291      0.1747                NaN                  NaN
2021      B90            0.1711       -0.0677           -0.0461   0.1160      1.3619             0.9087               0.0071
          buy_hold_1_10  0.2036       -0.0791           -0.0575   0.1351      1.3724                NaN                  NaN
          buy_hold_1_11  0.1880       -0.0733           -0.0532   0.1253      1.3746                NaN                  NaN
2022      B90           -0.1939       -0.2674           -0.1336   0.2163     -1.0006             0.9123               0.0091
          buy_hold_1_10 -0.2134       -0.2843           -0.1494   0.2428     -0.9929                NaN                  NaN
          buy_hold_1_11 -0.1997       -0.2661           -0.1391   0.2241     -0.9977                NaN                  NaN
