group  seed    source  scenario   n    pre  early_crash  late_crash  change_late_vs_pre
    A     1      real       NaN 100 0.8936       0.8938      0.8936             -0.0000
    A     1 synthetic       0.0 100 0.8931       0.8922      0.8967              0.0035
    A     1 synthetic       1.0 100 0.8935       0.8919      0.8996              0.0061
    A     1 synthetic       2.0 100 0.8941       0.8918      0.9035              0.0094
done A seed 1: valid 1.1163
                         return  max_drawdown  worst_21d_return  ann_vol  sharpe_0rf  mean_stock_weight  mean_daily_turnover
period    group                                                                                                             
2020      A              0.1816       -0.2456           -0.2400   0.3045      0.5458             0.8933               0.0124
          buy_hold_1_10  0.2045       -0.2668           -0.2621   0.3351      0.5530                NaN                  NaN
          buy_hold_1_11  0.1859       -0.2440           -0.2396   0.3023      0.5619                NaN                  NaN
2020-2022 A              0.1205       -0.2716           -0.2400   0.2273      0.1668             0.8951               0.0107
          buy_hold_1_10  0.1403       -0.2844           -0.2621   0.2515      0.1741                NaN                  NaN
          buy_hold_1_11  0.1276       -0.2661           -0.2396   0.2291      0.1747                NaN                  NaN
2021      A              0.1803       -0.0665           -0.0430   0.1175      1.4113             0.8916               0.0082
          buy_hold_1_10  0.2036       -0.0791           -0.0575   0.1351      1.3724                NaN                  NaN
          buy_hold_1_11  0.1880       -0.0733           -0.0532   0.1253      1.3746                NaN                  NaN
2022      A             -0.1966       -0.2716           -0.1311   0.2198     -0.9995             0.9004               0.0117
          buy_hold_1_10 -0.2134       -0.2843           -0.1494   0.2428     -0.9929                NaN                  NaN
          buy_hold_1_11 -0.1997       -0.2661           -0.1391   0.2241     -0.9977                NaN                  NaN
