group  seed    source  scenario   n    pre  early_crash  late_crash  change_late_vs_pre
    A     2      real       NaN 100 0.9030       0.9026      0.9010             -0.0020
    A     2 synthetic       0.0 100 0.8956       0.8968      0.9107              0.0151
    A     2 synthetic       1.0 100 0.9017       0.8996      0.9198              0.0180
    A     2 synthetic       2.0 100 0.8997       0.8979      0.9255              0.0257
done A seed 2: valid 1.1115
                         return  max_drawdown  worst_21d_return  ann_vol  sharpe_0rf  mean_stock_weight  mean_daily_turnover
period    group                                                                                                             
2020      A              0.2000       -0.2495           -0.2444   0.3079      0.5897             0.9096               0.0157
          buy_hold_1_10  0.2045       -0.2668           -0.2621   0.3351      0.5530                NaN                  NaN
          buy_hold_1_11  0.1859       -0.2440           -0.2396   0.3023      0.5619                NaN                  NaN
2020-2022 A              0.1200       -0.2644           -0.2444   0.2290      0.1649             0.9101               0.0140
          buy_hold_1_10  0.1403       -0.2844           -0.2621   0.2515      0.1741                NaN                  NaN
          buy_hold_1_11  0.1276       -0.2661           -0.2396   0.2291      0.1747                NaN                  NaN
2021      A              0.1730       -0.0647           -0.0447   0.1136      1.4045             0.9069               0.0120
          buy_hold_1_10  0.2036       -0.0791           -0.0575   0.1351      1.3724                NaN                  NaN
          buy_hold_1_11  0.1880       -0.0733           -0.0532   0.1253      1.3746                NaN                  NaN
2022      A             -0.2043       -0.2644           -0.1340   0.2222     -1.0328             0.9139               0.0141
          buy_hold_1_10 -0.2134       -0.2843           -0.1494   0.2428     -0.9929                NaN                  NaN
          buy_hold_1_11 -0.1997       -0.2661           -0.1391   0.2241     -0.9977                NaN                  NaN
