group  seed    source  scenario   n    pre  early_crash  late_crash  change_late_vs_pre
  B20     1      real       NaN 100 0.9182       0.9184      0.9182              0.0000
  B20     1 synthetic       0.0 100 0.9182       0.9169      0.9117             -0.0066
  B20     1 synthetic       1.0 100 0.9180       0.9154      0.9051             -0.0130
  B20     1 synthetic       2.0 100 0.9181       0.9143      0.9036             -0.0145
done B20 seed 1: valid 1.1512
                         return  max_drawdown  worst_21d_return  ann_vol  sharpe_0rf  mean_stock_weight  mean_daily_turnover
period    group                                                                                                             
2020      B20            0.2072       -0.2435           -0.2391   0.3023      0.6204             0.9168               0.0100
          buy_hold_1_10  0.2045       -0.2668           -0.2621   0.3351      0.5530                NaN                  NaN
          buy_hold_1_11  0.1859       -0.2440           -0.2396   0.3023      0.5619                NaN                  NaN
2020-2022 B20            0.1529       -0.2666           -0.2391   0.2260      0.2098             0.9171               0.0089
          buy_hold_1_10  0.1403       -0.2844           -0.2621   0.2515      0.1741                NaN                  NaN
          buy_hold_1_11  0.1276       -0.2661           -0.2396   0.2291      0.1747                NaN                  NaN
2021      B20            0.1773       -0.0677           -0.0482   0.1189      1.3728             0.9191               0.0070
          buy_hold_1_10  0.2036       -0.0791           -0.0575   0.1351      1.3724                NaN                  NaN
          buy_hold_1_11  0.1880       -0.0733           -0.0532   0.1253      1.3746                NaN                  NaN
2022      B20           -0.1888       -0.2666           -0.1326   0.2180     -0.9637             0.9153               0.0096
          buy_hold_1_10 -0.2134       -0.2843           -0.1494   0.2428     -0.9929                NaN                  NaN
          buy_hold_1_11 -0.1997       -0.2661           -0.1391   0.2241     -0.9977                NaN                  NaN
