group  seed    source  scenario   n    pre  early_crash  late_crash  change_late_vs_pre
  B20     0      real       NaN 100 0.8719       0.8723      0.8713             -0.0006
  B20     0 synthetic       0.0 100 0.8704       0.8699      0.8740              0.0037
  B20     0 synthetic       1.0 100 0.8713       0.8686      0.8759              0.0046
  B20     0 synthetic       2.0 100 0.8704       0.8671      0.8777              0.0073
done B20 seed 0: valid 1.1304
                         return  max_drawdown  worst_21d_return  ann_vol  sharpe_0rf  mean_stock_weight  mean_daily_turnover
period    group                                                                                                             
2020      B20            0.1910       -0.2345           -0.2307   0.2903      0.5997             0.8748               0.0092
          buy_hold_1_10  0.2045       -0.2668           -0.2621   0.3351      0.5530                NaN                  NaN
          buy_hold_1_11  0.1859       -0.2440           -0.2396   0.3023      0.5619                NaN                  NaN
2020-2022 B20            0.1120       -0.2641           -0.2307   0.2168      0.1632             0.8758               0.0083
          buy_hold_1_10  0.1403       -0.2844           -0.2621   0.2515      0.1741                NaN                  NaN
          buy_hold_1_11  0.1276       -0.2661           -0.2396   0.2291      0.1747                NaN                  NaN
2021      B20            0.1584       -0.0655           -0.0428   0.1136      1.2941             0.8734               0.0068
          buy_hold_1_10  0.2036       -0.0791           -0.0575   0.1351      1.3724                NaN                  NaN
          buy_hold_1_11  0.1880       -0.0733           -0.0532   0.1253      1.3746                NaN                  NaN
2022      B20           -0.1939       -0.2641           -0.1283   0.2091     -1.0351             0.8792               0.0088
          buy_hold_1_10 -0.2134       -0.2843           -0.1494   0.2428     -0.9929                NaN                  NaN
          buy_hold_1_11 -0.1997       -0.2661           -0.1391   0.2241     -0.9977                NaN                  NaN
