group  seed    source  scenario   n    pre  early_crash  late_crash  change_late_vs_pre
  B50     1      real       NaN 100 0.9084       0.9081      0.9083             -0.0001
  B50     1 synthetic       0.0 100 0.9087       0.9085      0.9086             -0.0001
  B50     1 synthetic       1.0 100 0.9084       0.9075      0.9067             -0.0017
  B50     1 synthetic       2.0 100 0.9083       0.9068      0.9050             -0.0033
done B50 seed 1: valid 1.1039
                         return  max_drawdown  worst_21d_return  ann_vol  sharpe_0rf  mean_stock_weight  mean_daily_turnover
period    group                                                                                                             
2020      B50            0.1934       -0.2442           -0.2399   0.2994      0.5882             0.9080               0.0088
          buy_hold_1_10  0.2045       -0.2668           -0.2621   0.3351      0.5530                NaN                  NaN
          buy_hold_1_11  0.1859       -0.2440           -0.2396   0.3023      0.5619                NaN                  NaN
2020-2022 B50            0.1378       -0.2576           -0.2399   0.2225      0.1933             0.9096               0.0076
          buy_hold_1_10  0.1403       -0.2844           -0.2621   0.2515      0.1741                NaN                  NaN
          buy_hold_1_11  0.1276       -0.2661           -0.2396   0.2291      0.1747                NaN                  NaN
2021      B50            0.1690       -0.0677           -0.0464   0.1157      1.3490             0.9098               0.0062
          buy_hold_1_10  0.2036       -0.0791           -0.0575   0.1351      1.3724                NaN                  NaN
          buy_hold_1_11  0.1880       -0.0733           -0.0532   0.1253      1.3746                NaN                  NaN
2022      B50           -0.1844       -0.2576           -0.1276   0.2131     -0.9604             0.9110               0.0080
          buy_hold_1_10 -0.2134       -0.2843           -0.1494   0.2428     -0.9929                NaN                  NaN
          buy_hold_1_11 -0.1997       -0.2661           -0.1391   0.2241     -0.9977                NaN                  NaN
