group  seed    source  scenario   n    pre  early_crash  late_crash  change_late_vs_pre
  B50     2      real       NaN 100 0.9131       0.9129      0.9130             -0.0001
  B50     2 synthetic       0.0 100 0.9152       0.9130      0.9068             -0.0084
  B50     2 synthetic       1.0 100 0.9145       0.9133      0.9025             -0.0119
  B50     2 synthetic       2.0 100 0.9140       0.9107      0.8920             -0.0220
done B50 seed 2: valid 1.1304
                         return  max_drawdown  worst_21d_return  ann_vol  sharpe_0rf  mean_stock_weight  mean_daily_turnover
period    group                                                                                                             
2020      B50            0.2035       -0.2358           -0.2319   0.2984      0.6182             0.9126               0.0086
          buy_hold_1_10  0.2045       -0.2668           -0.2621   0.3351      0.5530                NaN                  NaN
          buy_hold_1_11  0.1859       -0.2440           -0.2396   0.3023      0.5619                NaN                  NaN
2020-2022 B50            0.1404       -0.2646           -0.2319   0.2219      0.1974             0.9108               0.0080
          buy_hold_1_10  0.1403       -0.2844           -0.2621   0.2515      0.1741                NaN                  NaN
          buy_hold_1_11  0.1276       -0.2661           -0.2396   0.2291      0.1747                NaN                  NaN
2021      B50            0.1697       -0.0693           -0.0478   0.1171      1.3388             0.9148               0.0063
          buy_hold_1_10  0.2036       -0.0791           -0.0575   0.1351      1.3724                NaN                  NaN
          buy_hold_1_11  0.1880       -0.0733           -0.0532   0.1253      1.3746                NaN                  NaN
2022      B50           -0.1899       -0.2646           -0.1322   0.2116     -0.9990             0.9050               0.0092
          buy_hold_1_10 -0.2134       -0.2843           -0.1494   0.2428     -0.9929                NaN                  NaN
          buy_hold_1_11 -0.1997       -0.2661           -0.1391   0.2241     -0.9977                NaN                  NaN
