group  seed    source  scenario   n    pre  early_crash  late_crash  change_late_vs_pre
  B70     1      real       NaN 100 0.8674       0.8685      0.8673             -0.0001
  B70     1 synthetic       0.0 100 0.8692       0.8674      0.8366             -0.0326
  B70     1 synthetic       1.0 100 0.8685       0.8641      0.7800             -0.0885
  B70     1 synthetic       2.0 100 0.8657       0.8597      0.7359             -0.1297
done B70 seed 1: valid 1.1950
                         return  max_drawdown  worst_21d_return  ann_vol  sharpe_0rf  mean_stock_weight  mean_daily_turnover
period    group                                                                                                             
2020      B70            0.2082       -0.2200           -0.2106   0.2543      0.7407             0.8639               0.0110
          buy_hold_1_10  0.2045       -0.2668           -0.2621   0.3351      0.5530                NaN                  NaN
          buy_hold_1_11  0.1859       -0.2440           -0.2396   0.3023      0.5619                NaN                  NaN
2020-2022 B70            0.1544       -0.2641           -0.2106   0.1992      0.2403             0.8603               0.0092
          buy_hold_1_10  0.1403       -0.2844           -0.2621   0.2515      0.1741                NaN                  NaN
          buy_hold_1_11  0.1276       -0.2661           -0.2396   0.2291      0.1747                NaN                  NaN
2021      B70            0.1415       -0.0637           -0.0531   0.1143      1.1578             0.8690               0.0072
          buy_hold_1_10  0.2036       -0.0791           -0.0575   0.1351      1.3724                NaN                  NaN
          buy_hold_1_11  0.1880       -0.0733           -0.0532   0.1253      1.3746                NaN                  NaN
2022      B70           -0.1629       -0.2617           -0.1295   0.2030     -0.8792             0.8480               0.0093
          buy_hold_1_10 -0.2134       -0.2843           -0.1494   0.2428     -0.9929                NaN                  NaN
          buy_hold_1_11 -0.1997       -0.2661           -0.1391   0.2241     -0.9977                NaN                  NaN
