group  seed    source  scenario   n    pre  early_crash  late_crash  change_late_vs_pre
  B70     2      real       NaN 100 0.9528       0.9525      0.9526             -0.0002
  B70     2 synthetic       0.0 100 0.9534       0.9520      0.9461             -0.0073
  B70     2 synthetic       1.0 100 0.9532       0.9525      0.9411             -0.0121
  B70     2 synthetic       2.0 100 0.9529       0.9507      0.9213             -0.0317
done B70 seed 2: valid 1.1757
                         return  max_drawdown  worst_21d_return  ann_vol  sharpe_0rf  mean_stock_weight  mean_daily_turnover
period    group                                                                                                             
2020      B70            0.1868       -0.2455           -0.2384   0.3100      0.5503             0.9508               0.0109
          buy_hold_1_10  0.2045       -0.2668           -0.2621   0.3351      0.5530                NaN                  NaN
          buy_hold_1_11  0.1859       -0.2440           -0.2396   0.3023      0.5619                NaN                  NaN
2020-2022 B70            0.1587       -0.2618           -0.2384   0.2277      0.2156             0.9512               0.0093
          buy_hold_1_10  0.1403       -0.2844           -0.2621   0.2515      0.1741                NaN                  NaN
          buy_hold_1_11  0.1276       -0.2661           -0.2396   0.2291      0.1747                NaN                  NaN
2021      B70            0.2022       -0.0663           -0.0503   0.1199      1.5356             0.9540               0.0063
          buy_hold_1_10  0.2036       -0.0791           -0.0575   0.1351      1.3724                NaN                  NaN
          buy_hold_1_11  0.1880       -0.0733           -0.0532   0.1253      1.3746                NaN                  NaN
2022      B70           -0.1879       -0.2610           -0.1336   0.2120     -0.9854             0.9487               0.0107
          buy_hold_1_10 -0.2134       -0.2843           -0.1494   0.2428     -0.9929                NaN                  NaN
          buy_hold_1_11 -0.1997       -0.2661           -0.1391   0.2241     -0.9977                NaN                  NaN
