group  seed    source  scenario   n    pre  early_crash  late_crash  change_late_vs_pre
  B90     1      real       NaN 100 0.8991       0.8986      0.8986             -0.0004
  B90     1 synthetic       0.0 100 0.9002       0.8998      0.9004              0.0002
  B90     1 synthetic       1.0 100 0.8993       0.8981      0.8957             -0.0035
  B90     1 synthetic       2.0 100 0.8994       0.8975      0.8937             -0.0057
done B90 seed 1: valid 1.1301
                         return  max_drawdown  worst_21d_return  ann_vol  sharpe_0rf  mean_stock_weight  mean_daily_turnover
period    group                                                                                                             
2020      B90            0.1958       -0.2260           -0.2225   0.2911      0.6120             0.8975               0.0101
          buy_hold_1_10  0.2045       -0.2668           -0.2621   0.3351      0.5530                NaN                  NaN
          buy_hold_1_11  0.1859       -0.2440           -0.2396   0.3023      0.5619                NaN                  NaN
2020-2022 B90            0.1556       -0.2426           -0.2225   0.2165      0.2227             0.9009               0.0089
          buy_hold_1_10  0.1403       -0.2844           -0.2621   0.2515      0.1741                NaN                  NaN
          buy_hold_1_11  0.1276       -0.2661           -0.2396   0.2291      0.1747                NaN                  NaN
2021      B90            0.1582       -0.0690           -0.0487   0.1130      1.2999             0.9009               0.0070
          buy_hold_1_10  0.2036       -0.0791           -0.0575   0.1351      1.3724                NaN                  NaN
          buy_hold_1_11  0.1880       -0.0733           -0.0532   0.1253      1.3746                NaN                  NaN
2022      B90           -0.1656       -0.2426           -0.1317   0.2074     -0.8765             0.9043               0.0095
          buy_hold_1_10 -0.2134       -0.2843           -0.1494   0.2428     -0.9929                NaN                  NaN
          buy_hold_1_11 -0.1997       -0.2661           -0.1391   0.2241     -0.9977                NaN                  NaN
