group  seed    source  scenario   n    pre  early_crash  late_crash  change_late_vs_pre
  B90     2      real       NaN 100 0.4752       0.4732      0.4732             -0.0020
  B90     2 synthetic       0.0 100 0.4883       0.4676      0.3586             -0.1297
  B90     2 synthetic       1.0 100 0.4830       0.4722      0.2837             -0.1993
  B90     2 synthetic       2.0 100 0.4754       0.4455      0.1979             -0.2775
done B90 seed 2: valid 1.1498
                         return  max_drawdown  worst_21d_return  ann_vol  sharpe_0rf  mean_stock_weight  mean_daily_turnover
period    group                                                                                                             
2020      B90            0.0532       -0.1181           -0.1160   0.1206      0.4279             0.4673               0.0149
          buy_hold_1_10  0.2045       -0.2668           -0.2621   0.3351      0.5530                NaN                  NaN
          buy_hold_1_11  0.1859       -0.2440           -0.2396   0.3023      0.5619                NaN                  NaN
2020-2022 B90            0.0151       -0.1546           -0.1160   0.0988      0.0506             0.4611               0.0131
          buy_hold_1_10  0.1403       -0.2844           -0.2621   0.2515      0.1741                NaN                  NaN
          buy_hold_1_11  0.1276       -0.2661           -0.2396   0.2291      0.1747                NaN                  NaN
2021      B90            0.0712       -0.0317           -0.0288   0.0607      1.1336             0.4718               0.0096
          buy_hold_1_10  0.2036       -0.0791           -0.0575   0.1351      1.3724                NaN                  NaN
          buy_hold_1_11  0.1880       -0.0733           -0.0532   0.1253      1.3746                NaN                  NaN
2022      B90           -0.1002       -0.1540           -0.0657   0.1050     -1.0105             0.4442               0.0148
          buy_hold_1_10 -0.2134       -0.2843           -0.1494   0.2428     -0.9929                NaN                  NaN
          buy_hold_1_11 -0.1997       -0.2661           -0.1391   0.2241     -0.9977                NaN                  NaN
